pinging switch
Sending NX-Cast.nro, 25600698 bytes
12472467 sent (48.72%), 1113 blocks
starting server
server active ...
[INFO] [log] nxlink logger connected host=<IP_REDACTED> port=28771 fd=3 mirror_fd=2 stdout=local
[INFO] [diagnostic] profile_id=8 profile=full-low-priority protocol_start=parallel
[INFO] [player-view] init render_owner=main-thread active_view=home
[INFO] [player] auto resolve libmpv_available=1 mock_available=1
[INFO] [player-actor] lifecycle=initialize phase=begin backend=libmpv
[INFO] [player] init accepted backend=libmpv lifecycle=async-suspended actor_capacity=64 reserved=4
[INFO] [ui] NX-Cast starting. Press + to exit.
[INFO] [ui] Home view shows cast instructions and last error only.
[INFO] [ui] Video view auto-activates while playback is active.
[INFO] [runtime-heartbeat] t_ms=23002074 frame=1 view=home player_state=idle media=0 return_home_pending=0 protocol_state=stopped owner=none generation=0 service_workers=0,0,0 service_age_ms=0,0,0 media_queue=0 media_high=0 media_command=0 media_kind=0 media_producer=0 media_token=0 media_generation=0 media_command_age_ms=0 media_heartbeat_age_ms=23 media_full=0 media_stale=0 media_timeout=0 media_coalesced=0 media_accepting=1 media_lifecycle=1,0,0,0 log_queue=7 enqueued=14 processed=6 log_high=7 log_heartbeat_age_ms=0 log_waiting=0 queue_dropped=0 mirror_dropped=0 mirror_failures=0 mirror=1 worker=1 mdns_phase=stopped mdns_mode=0 mdns_running=0 mdns_socket=0 mdns_heartbeat_age_ms=0 mdns_select=0 mdns_recv=0 mdns_sent=0
[INFO] [input] active_view=home state=idle media=0 snapshot=1
[INFO] [player-libmpv] log subscription level=info
[INFO] [player-libmpv] init volume_backend=aud:a-process
[INFO] [player-libmpv] init
[INFO] [player-actor] lifecycle=initialize phase=ready backend=libmpv
[INFO] [player-view] dk3d render context attached early
[INFO] [player-view] prepare_video ok=1 render_api_connected=0 render_path=0
[INFO] [ui] video render prepare=1 player_activate=1 before_media_url=1
[INFO] [protocol-coordinator] start accepted=1 state=starting iptv=starting dlna=starting airplay=starting network=1 root=sdmc:/switch/NX-Cast/iptv
[INFO] [airplay] t_ms=23002118 integration stage=ed25519 begin
[INFO] [airplay] t_ms=23002118 integration stage=ed25519 done
[INFO] [airplay] t_ms=23002118 integration stage=mirror-runtime begin
[INFO] [airplay] t_ms=23002118 integration stage=mirror-runtime done
[INFO] [airplay] t_ms=23002118 integration stage=remote-video begin
[INFO] [airplay] t_ms=23002118 integration stage=remote-video done
[INFO] [airplay] t_ms=23002118 integration stage=receiver begin
[INFO] [airplay] t_ms=23002118 receiver stage=pairing-identity begin
[INFO] [dlna] loaded persistent device identity.
[INFO] [scpd] description templates ready.
[INFO] [player-view] render_api_connected=1 backend=dk3d
[INFO] [player-view] home renderer active frame=1
[INFO] [airplay] t_ms=23002166 receiver stage=pairing-identity done
[INFO] [airplay] t_ms=23002167 receiver stage=dns-sd-txt begin
[INFO] [airplay] t_ms=23002167 receiver stage=dns-sd-txt done
[INFO] [soap] SOAP control module started.
[INFO] [event] DLNA event server started.
[INFO] [airplay] t_ms=23002167 receiver stage=handlers begin
[INFO] [airplay] t_ms=23002168 handlers stage=validate begin
[INFO] [iptv] preinstalled source file loaded sources=1 changed=0 refresh=0
[INFO] [airplay] t_ms=23002168 handlers stage=validate done
[INFO] [airplay] t_ms=23002169 handlers stage=allocate begin bytes=792
[INFO] [airplay] t_ms=23002169 handlers stage=allocate done
[INFO] [airplay] t_ms=23002169 handlers stage=copy begin txt_bytes=214
[INFO] [airplay] t_ms=23002170 handlers stage=copy done
[INFO] [airplay] t_ms=23002170 receiver stage=handlers done
[INFO] [airplay] t_ms=23002170 receiver stage=control-server begin
[INFO] [http-server] listening on :49152
[INFO] [player-imgui] initialized deko3d overlay
[INFO] [player-libmpv][osd/libass] can't find selected font provider
[INFO] [airplay-server] listening on :7000
[INFO] [airplay] t_ms=23002424 receiver stage=control-server done port=7000
[INFO] [airplay] t_ms=23002424 receiver stage=lifecycle begin
[INFO] [airplay] t_ms=23002424 receiver stage=lifecycle done
[INFO] [airplay] t_ms=23002424 receiver stage=mdns begin
[INFO] [airplay] t_ms=23002424 mdns stage=local-address begin
[INFO] [protocol-coordinator] revision=2->3 state=starting->starting iptv=starting->running dlna=starting->starting airplay=starting->starting owner=none->none token=0 generation=0 pin_visible=0 airplay_running=0 airplay_starting=0 status=none
[INFO] [ssdp] Responder ready on <URL_REDACTED>
[INFO] [dlna] Control layer initialized (HTTP/SCPD on :49152).
[INFO] [protocol-coordinator] revision=3->4 state=starting->starting iptv=running->running dlna=starting->running airplay=starting->starting owner=none->none token=0 generation=0 pin_visible=0 airplay_running=0 airplay_starting=0 status=none
[INFO] [airplay] t_ms=23003226 mdns stage=local-address done
[INFO] [airplay-mdns] local-address=<IP_REDACTED>
[INFO] [airplay] t_ms=23003226 mdns stage=service-record begin
[INFO] [airplay] t_ms=23003226 mdns stage=service-record done
[INFO] [airplay] t_ms=23003226 mdns stage=socket begin
[INFO] [airplay] t_ms=23003226 mdns socket stage=create begin
[INFO] [airplay] t_ms=23003527 mdns socket stage=create done fd=6
[INFO] [airplay] t_ms=23003631 mdns socket stage=bind begin port=5353
[INFO] [airplay] t_ms=23003731 mdns socket stage=bind done
[INFO] [airplay] t_ms=23003731 mdns socket stage=multicast-join begin
[INFO] [airplay] t_ms=23003927 mdns socket stage=multicast-join done
[INFO] [runtime-heartbeat] t_ms=23004080 frame=118 view=home player_state=idle media=0 return_home_pending=0 protocol_state=starting owner=none generation=0 service_workers=0,0,1 service_age_ms=1656,1552,1962 media_queue=0 media_high=0 media_command=0 media_kind=0 media_producer=0 media_token=0 media_generation=0 media_command_age_ms=0 media_heartbeat_age_ms=1 media_full=0 media_stale=0 media_timeout=0 media_coalesced=0 media_accepting=1 media_lifecycle=0,1,0,1 log_queue=0 enqueued=75 processed=75 log_high=15 log_heartbeat_age_ms=148 log_waiting=1 queue_dropped=0 mirror_dropped=0 mirror_failures=0 mirror=1 worker=1 mdns_phase=starting mdns_mode=0 mdns_running=0 mdns_socket=0 mdns_heartbeat_age_ms=0 mdns_select=0 mdns_recv=0 mdns_sent=0
[INFO] [airplay] t_ms=23004228 mdns stage=socket done
[INFO] [airplay] t_ms=23004228 mdns stage=thread begin
[INFO] [airplay] t_ms=23004228 mdns thread-create begin stack=65536
[INFO] [airplay] t_ms=23004228 mdns thread-create done rc=0x00000000
[INFO] [airplay] t_ms=23004228 mdns thread-start begin
[INFO] [airplay] t_ms=23004228 mdns thread-start done rc=0x00000000
[INFO] [airplay] t_ms=23004228 mdns stage=thread done
[INFO] [airplay-mdns] started airplay=NX-Cast raop=<IDENTIFIER_REDACTED>@NX-Cast port=7000 features=0x5A7FFEE6,0x0
[INFO] [airplay-mdns] started airplay=NX-Cast raop=<IDENTIFIER_REDACTED>@NX-Cast port=7000 features=0x5A7FFEE6,0x0
[INFO] [airplay] t_ms=23004228 receiver stage=mdns done
[INFO] [airplay] t_ms=23004228 integration stage=receiver done
[INFO] [airplay] integration started port=7000 discovery=1
[INFO] [airplay] t_ms=23004228 mdns worker entered
[INFO] [airplay] t_ms=23004228 mdns worker mode=0 priority=0x2e
[INFO] [airplay] t_ms=23004228 mdns worker announce begin
[INFO] [protocol-coordinator] revision=4->6 state=starting->ready iptv=running->running dlna=running->running airplay=starting->running owner=none->none token=0 generation=0 pin_visible=0 airplay_running=1 airplay_starting=0 status=Ready for AirPlay video
[INFO] [airplay] t_ms=23004828 mdns worker announce done
[INFO] [runtime-heartbeat] t_ms=23006080 frame=238 view=home player_state=idle media=0 return_home_pending=0 protocol_state=ready owner=none generation=0 service_workers=0,0,0 service_age_ms=3656,3552,1852 media_queue=0 media_high=0 media_command=0 media_kind=0 media_producer=0 media_token=0 media_generation=0 media_command_age_ms=0 media_heartbeat_age_ms=10 media_full=0 media_stale=0 media_timeout=0 media_coalesced=0 media_accepting=1 media_lifecycle=0,1,0,1 log_queue=0 enqueued=93 processed=93 log_high=15 log_heartbeat_age_ms=1247 log_waiting=1 queue_dropped=0 mirror_dropped=0 mirror_failures=0 mirror=1 worker=1 mdns_phase=waiting mdns_mode=0 mdns_running=1 mdns_socket=1 mdns_heartbeat_age_ms=51 mdns_select=5 mdns_recv=0 mdns_sent=2
[INFO] [runtime-heartbeat] t_ms=23008080 frame=358 view=home player_state=idle media=0 return_home_pending=0 protocol_state=ready owner=none generation=0 service_workers=0,0,0 service_age_ms=5656,5552,3852 media_queue=0 media_high=0 media_command=0 media_kind=0 media_producer=0 media_token=0 media_generation=0 media_command_age_ms=0 media_heartbeat_age_ms=9 media_full=0 media_stale=0 media_timeout=0 media_coalesced=0 media_accepting=1 media_lifecycle=0,1,0,1 log_queue=0 enqueued=94 processed=94 log_high=15 log_heartbeat_age_ms=1750 log_waiting=1 queue_dropped=0 mirror_dropped=0 mirror_failures=0 mirror=1 worker=1 mdns_phase=waiting mdns_mode=0 mdns_running=1 mdns_socket=1 mdns_heartbeat_age_ms=146 mdns_select=13 mdns_recv=0 mdns_sent=2
[INFO] [runtime-heartbeat] t_ms=23010080 frame=478 view=home player_state=idle media=0 return_home_pending=0 protocol_state=ready owner=none generation=0 service_workers=0,0,0 service_age_ms=7656,7552,5852 media_queue=0 media_high=0 media_command=0 media_kind=0 media_producer=0 media_token=0 media_generation=0 media_command_age_ms=0 media_heartbeat_age_ms=7 media_full=0 media_stale=0 media_timeout=0 media_coalesced=0 media_accepting=1 media_lifecycle=0,1,0,1 log_queue=0 enqueued=95 processed=95 log_high=15 log_heartbeat_age_ms=1848 log_waiting=1 queue_dropped=0 mirror_dropped=0 mirror_failures=0 mirror=1 worker=1 mdns_phase=waiting mdns_mode=0 mdns_running=1 mdns_socket=1 mdns_heartbeat_age_ms=47 mdns_select=23 mdns_recv=0 mdns_sent=2
[INFO] [runtime-heartbeat] t_ms=23012080 frame=598 view=home player_state=idle media=0 return_home_pending=0 protocol_state=ready owner=none generation=0 service_workers=0,0,0 service_age_ms=9656,9552,7852 media_queue=0 media_high=0 media_command=0 media_kind=0 media_producer=0 media_token=0 media_generation=0 media_command_age_ms=0 media_heartbeat_age_ms=6 media_full=0 media_stale=0 media_timeout=0 media_coalesced=0 media_accepting=1 media_lifecycle=0,1,0,1 log_queue=0 enqueued=96 processed=96 log_high=15 log_heartbeat_age_ms=1847 log_waiting=1 queue_dropped=0 mirror_dropped=0 mirror_failures=0 mirror=1 worker=1 mdns_phase=waiting mdns_mode=0 mdns_running=1 mdns_socket=1 mdns_heartbeat_age_ms=46 mdns_select=33 mdns_recv=0 mdns_sent=2
[INFO] [runtime-heartbeat] t_ms=23014080 frame=718 view=home player_state=idle media=0 return_home_pending=0 protocol_state=ready owner=none generation=0 service_workers=0,0,0 service_age_ms=11656,11552,9852 media_queue=0 media_high=0 media_command=0 media_kind=0 media_producer=0 media_token=0 media_generation=0 media_command_age_ms=0 media_heartbeat_age_ms=5 media_full=0 media_stale=0 media_timeout=0 media_coalesced=0 media_accepting=1 media_lifecycle=0,1,0,1 log_queue=0 enqueued=97 processed=97 log_high=15 log_heartbeat_age_ms=1845 log_waiting=1 queue_dropped=0 mirror_dropped=0 mirror_failures=0 mirror=1 worker=1 mdns_phase=waiting mdns_mode=0 mdns_running=1 mdns_socket=1 mdns_heartbeat_age_ms=105 mdns_select=43 mdns_recv=2 mdns_sent=2
[INFO] [runtime-heartbeat] t_ms=23016080 frame=838 view=home player_state=idle media=0 return_home_pending=0 protocol_state=ready owner=none generation=0 service_workers=0,0,0 service_age_ms=13656,13552,11852 media_queue=0 media_high=0 media_command=0 media_kind=0 media_producer=0 media_token=0 media_generation=0 media_command_age_ms=0 media_heartbeat_age_ms=4 media_full=0 media_stale=0 media_timeout=0 media_coalesced=0 media_accepting=1 media_lifecycle=0,1,0,1 log_queue=0 enqueued=98 processed=98 log_high=15 log_heartbeat_age_ms=1826 log_waiting=1 queue_dropped=0 mirror_dropped=0 mirror_failures=0 mirror=1 worker=1 mdns_phase=waiting mdns_mode=0 mdns_running=1 mdns_socket=1 mdns_heartbeat_age_ms=204 mdns_select=51 mdns_recv=2 mdns_sent=2
[INFO] [runtime-heartbeat] t_ms=23018080 frame=958 view=home player_state=idle media=0 return_home_pending=0 protocol_state=ready owner=none generation=0 service_workers=0,0,0 service_age_ms=15656,15552,13852 media_queue=0 media_high=0 media_command=0 media_kind=0 media_producer=0 media_token=0 media_generation=0 media_command_age_ms=0 media_heartbeat_age_ms=3 media_full=0 media_stale=0 media_timeout=0 media_coalesced=0 media_accepting=1 media_lifecycle=0,1,0,1 log_queue=0 enqueued=99 processed=99 log_high=15 log_heartbeat_age_ms=1925 log_waiting=1 queue_dropped=0 mirror_dropped=0 mirror_failures=0 mirror=1 worker=1 mdns_phase=waiting mdns_mode=0 mdns_running=1 mdns_socket=1 mdns_heartbeat_age_ms=124 mdns_select=60 mdns_recv=3 mdns_sent=2
[INFO] [runtime-heartbeat] t_ms=23020080 frame=1078 view=home player_state=idle media=0 return_home_pending=0 protocol_state=ready owner=none generation=0 service_workers=0,0,0 service_age_ms=17656,17552,15852 media_queue=0 media_high=0 media_command=0 media_kind=0 media_producer=0 media_token=0 media_generation=0 media_command_age_ms=0 media_heartbeat_age_ms=2 media_full=0 media_stale=0 media_timeout=0 media_coalesced=0 media_accepting=1 media_lifecycle=0,1,0,1 log_queue=0 enqueued=100 processed=100 log_high=15 log_heartbeat_age_ms=1832 log_waiting=1 queue_dropped=0 mirror_dropped=0 mirror_failures=0 mirror=1 worker=1 mdns_phase=waiting mdns_mode=0 mdns_running=1 mdns_socket=1 mdns_heartbeat_age_ms=2 mdns_select=69 mdns_recv=3 mdns_sent=2
[INFO] [runtime-heartbeat] t_ms=23022080 frame=1198 view=home player_state=idle media=0 return_home_pending=0 protocol_state=ready owner=none generation=0 service_workers=0,0,0 service_age_ms=19656,19552,17852 media_queue=0 media_high=0 media_command=0 media_kind=0 media_producer=0 media_token=0 media_generation=0 media_command_age_ms=0 media_heartbeat_age_ms=1 media_full=0 media_stale=0 media_timeout=0 media_coalesced=0 media_accepting=1 media_lifecycle=0,1,0,1 log_queue=0 enqueued=101 processed=101 log_high=15 log_heartbeat_age_ms=1931 log_waiting=1 queue_dropped=0 mirror_dropped=0 mirror_failures=0 mirror=1 worker=1 mdns_phase=waiting mdns_mode=0 mdns_running=1 mdns_socket=1 mdns_heartbeat_age_ms=102 mdns_select=77 mdns_recv=3 mdns_sent=2
[INFO] [runtime-heartbeat] t_ms=23024080 frame=1318 view=home player_state=idle media=0 return_home_pending=0 protocol_state=ready owner=none generation=0 service_workers=0,0,0 service_age_ms=21656,21552,19852 media_queue=0 media_high=0 media_command=0 media_kind=0 media_producer=0 media_token=0 media_generation=0 media_command_age_ms=0 media_heartbeat_age_ms=10 media_full=0 media_stale=0 media_timeout=0 media_coalesced=0 media_accepting=1 media_lifecycle=0,1,0,1 log_queue=0 enqueued=102 processed=102 log_high=15 log_heartbeat_age_ms=1822 log_waiting=1 queue_dropped=0 mirror_dropped=0 mirror_failures=0 mirror=1 worker=1 mdns_phase=waiting mdns_mode=0 mdns_running=1 mdns_socket=1 mdns_heartbeat_age_ms=200 mdns_select=85 mdns_recv=3 mdns_sent=2
[INFO] [runtime-heartbeat] t_ms=23026080 frame=1438 view=home player_state=idle media=0 return_home_pending=0 protocol_state=ready owner=none generation=0 service_workers=0,0,0 service_age_ms=23656,23552,21852 media_queue=0 media_high=0 media_command=0 media_kind=0 media_producer=0 media_token=0 media_generation=0 media_command_age_ms=0 media_heartbeat_age_ms=8 media_full=0 media_stale=0 media_timeout=0 media_coalesced=0 media_accepting=1 media_lifecycle=0,1,0,1 log_queue=0 enqueued=103 processed=103 log_high=15 log_heartbeat_age_ms=1921 log_waiting=1 queue_dropped=0 mirror_dropped=0 mirror_failures=0 mirror=1 worker=1 mdns_phase=waiting mdns_mode=0 mdns_running=1 mdns_socket=1 mdns_heartbeat_age_ms=22 mdns_select=94 mdns_recv=4 mdns_sent=2
[INFO] [runtime-heartbeat] t_ms=23028080 frame=1558 view=home player_state=idle media=0 return_home_pending=0 protocol_state=ready owner=none generation=0 service_workers=0,0,0 service_age_ms=25656,25552,23852 media_queue=0 media_high=0 media_command=0 media_kind=0 media_producer=0 media_token=0 media_generation=0 media_command_age_ms=0 media_heartbeat_age_ms=7 media_full=0 media_stale=0 media_timeout=0 media_coalesced=0 media_accepting=1 media_lifecycle=0,1,0,1 log_queue=0 enqueued=104 processed=104 log_high=15 log_heartbeat_age_ms=1998 log_waiting=1 queue_dropped=0 mirror_dropped=0 mirror_failures=0 mirror=1 worker=1 mdns_phase=waiting mdns_mode=0 mdns_running=1 mdns_socket=1 mdns_heartbeat_age_ms=121 mdns_select=102 mdns_recv=4 mdns_sent=2
[INFO] [runtime-heartbeat] t_ms=23030080 frame=1678 view=home player_state=idle media=0 return_home_pending=0 protocol_state=ready owner=none generation=0 service_workers=0,0,0 service_age_ms=27656,27552,25852 media_queue=0 media_high=0 media_command=0 media_kind=0 media_producer=0 media_token=0 media_generation=0 media_command_age_ms=0 media_heartbeat_age_ms=6 media_full=0 media_stale=0 media_timeout=0 media_coalesced=0 media_accepting=1 media_lifecycle=0,1,0,1 log_queue=0 enqueued=105 processed=105 log_high=15 log_heartbeat_age_ms=1826 log_waiting=1 queue_dropped=0 mirror_dropped=0 mirror_failures=0 mirror=1 worker=1 mdns_phase=waiting mdns_mode=0 mdns_running=1 mdns_socket=1 mdns_heartbeat_age_ms=221 mdns_select=110 mdns_recv=4 mdns_sent=2
[INFO] [runtime-heartbeat] t_ms=23032080 frame=1798 view=home player_state=idle media=0 return_home_pending=0 protocol_state=ready owner=none generation=0 service_workers=0,0,0 service_age_ms=29656,29552,27852 media_queue=0 media_high=0 media_command=0 media_kind=0 media_producer=0 media_token=0 media_generation=0 media_command_age_ms=0 media_heartbeat_age_ms=5 media_full=0 media_stale=0 media_timeout=0 media_coalesced=0 media_accepting=1 media_lifecycle=0,1,0,1 log_queue=0 enqueued=106 processed=106 log_high=15 log_heartbeat_age_ms=1925 log_waiting=1 queue_dropped=0 mirror_dropped=0 mirror_failures=0 mirror=1 worker=1 mdns_phase=waiting mdns_mode=0 mdns_running=1 mdns_socket=1 mdns_heartbeat_age_ms=95 mdns_select=119 mdns_recv=4 mdns_sent=2
[INFO] [runtime-heartbeat] t_ms=23034080 frame=1918 view=home player_state=idle media=0 return_home_pending=0 protocol_state=ready owner=none generation=0 service_workers=0,0,0 service_age_ms=31656,31552,29852 media_queue=0 media_high=0 media_command=0 media_kind=0 media_producer=0 media_token=0 media_generation=0 media_command_age_ms=0 media_heartbeat_age_ms=4 media_full=0 media_stale=0 media_timeout=0 media_coalesced=0 media_accepting=1 media_lifecycle=0,1,0,1 log_queue=0 enqueued=107 processed=107 log_high=15 log_heartbeat_age_ms=1819 log_waiting=1 queue_dropped=0 mirror_dropped=0 mirror_failures=0 mirror=1 worker=1 mdns_phase=waiting mdns_mode=0 mdns_running=1 mdns_socket=1 mdns_heartbeat_age_ms=17 mdns_select=128 mdns_recv=4 mdns_sent=2
[INFO] [runtime-heartbeat] t_ms=23036080 frame=2038 view=home player_state=idle media=0 return_home_pending=0 protocol_state=ready owner=none generation=0 service_workers=0,0,0 service_age_ms=33656,33552,31852 media_queue=0 media_high=0 media_command=0 media_kind=0 media_producer=0 media_token=0 media_generation=0 media_command_age_ms=0 media_heartbeat_age_ms=3 media_full=0 media_stale=0 media_timeout=0 media_coalesced=0 media_accepting=1 media_lifecycle=0,1,0,1 log_queue=0 enqueued=108 processed=108 log_high=15 log_heartbeat_age_ms=1993 log_waiting=1 queue_dropped=0 mirror_dropped=0 mirror_failures=0 mirror=1 worker=1 mdns_phase=waiting mdns_mode=0 mdns_running=1 mdns_socket=1 mdns_heartbeat_age_ms=116 mdns_select=136 mdns_recv=4 mdns_sent=2
[INFO] [runtime-heartbeat] t_ms=23038080 frame=2158 view=home player_state=idle media=0 return_home_pending=0 protocol_state=ready owner=none generation=0 service_workers=0,0,0 service_age_ms=35656,35552,33852 media_queue=0 media_high=0 media_command=0 media_kind=0 media_producer=0 media_token=0 media_generation=0 media_command_age_ms=0 media_heartbeat_age_ms=2 media_full=0 media_stale=0 media_timeout=0 media_coalesced=0 media_accepting=1 media_lifecycle=0,1,0,1 log_queue=0 enqueued=109 processed=109 log_high=15 log_heartbeat_age_ms=1821 log_waiting=1 queue_dropped=0 mirror_dropped=0 mirror_failures=0 mirror=1 worker=1 mdns_phase=waiting mdns_mode=0 mdns_running=1 mdns_socket=1 mdns_heartbeat_age_ms=215 mdns_select=144 mdns_recv=4 mdns_sent=2
[INFO] [runtime-heartbeat] t_ms=23040080 frame=2278 view=home player_state=idle media=0 return_home_pending=0 protocol_state=ready owner=none generation=0 service_workers=0,0,0 service_age_ms=37656,37552,35852 media_queue=0 media_high=0 media_command=0 media_kind=0 media_producer=0 media_token=0 media_generation=0 media_command_age_ms=0 media_heartbeat_age_ms=0 media_full=0 media_stale=0 media_timeout=0 media_coalesced=0 media_accepting=1 media_lifecycle=0,1,0,1 log_queue=0 enqueued=110 processed=110 log_high=15 log_heartbeat_age_ms=1926 log_waiting=1 queue_dropped=0 mirror_dropped=0 mirror_failures=0 mirror=1 worker=1 mdns_phase=waiting mdns_mode=0 mdns_running=1 mdns_socket=1 mdns_heartbeat_age_ms=125 mdns_select=154 mdns_recv=4 mdns_sent=2
[INFO] [runtime-heartbeat] t_ms=23042080 frame=2398 view=home player_state=idle media=0 return_home_pending=0 protocol_state=ready owner=none generation=0 service_workers=0,0,0 service_age_ms=39656,39552,37852 media_queue=0 media_high=0 media_command=0 media_kind=0 media_producer=0 media_token=0 media_generation=0 media_command_age_ms=0 media_heartbeat_age_ms=9 media_full=0 media_stale=0 media_timeout=0 media_coalesced=0 media_accepting=1 media_lifecycle=0,1,0,1 log_queue=0 enqueued=111 processed=111 log_high=15 log_heartbeat_age_ms=1925 log_waiting=1 queue_dropped=0 mirror_dropped=0 mirror_failures=0 mirror=1 worker=1 mdns_phase=waiting mdns_mode=0 mdns_running=1 mdns_socket=1 mdns_heartbeat_age_ms=123 mdns_select=164 mdns_recv=4 mdns_sent=2
[INFO] [runtime-heartbeat] t_ms=23044080 frame=2518 view=home player_state=idle media=0 return_home_pending=0 protocol_state=ready owner=none generation=0 service_workers=0,0,0 service_age_ms=41656,41552,39852 media_queue=0 media_high=0 media_command=0 media_kind=0 media_producer=0 media_token=0 media_generation=0 media_command_age_ms=0 media_heartbeat_age_ms=8 media_full=0 media_stale=0 media_timeout=0 media_coalesced=0 media_accepting=1 media_lifecycle=0,1,0,1 log_queue=0 enqueued=112 processed=112 log_high=15 log_heartbeat_age_ms=1923 log_waiting=1 queue_dropped=0 mirror_dropped=0 mirror_failures=0 mirror=1 worker=1 mdns_phase=waiting mdns_mode=0 mdns_running=1 mdns_socket=1 mdns_heartbeat_age_ms=22 mdns_select=174 mdns_recv=4 mdns_sent=2
[INFO] [runtime-heartbeat] t_ms=23046080 frame=2638 view=home player_state=idle media=0 return_home_pending=0 protocol_state=ready owner=none generation=0 service_workers=0,0,0 service_age_ms=43656,43552,41852 media_queue=0 media_high=0 media_command=0 media_kind=0 media_producer=0 media_token=0 media_generation=0 media_command_age_ms=0 media_heartbeat_age_ms=7 media_full=0 media_stale=0 media_timeout=0 media_coalesced=0 media_accepting=1 media_lifecycle=0,1,0,1 log_queue=0 enqueued=113 processed=113 log_high=15 log_heartbeat_age_ms=1812 log_waiting=1 queue_dropped=0 mirror_dropped=0 mirror_failures=0 mirror=1 worker=1 mdns_phase=waiting mdns_mode=0 mdns_running=1 mdns_socket=1 mdns_heartbeat_age_ms=121 mdns_select=182 mdns_recv=4 mdns_sent=2
[INFO] [runtime-heartbeat] t_ms=23048080 frame=2758 view=home player_state=idle media=0 return_home_pending=0 protocol_state=ready owner=none generation=0 service_workers=0,0,0 service_age_ms=45656,45552,43852 media_queue=0 media_high=0 media_command=0 media_kind=0 media_producer=0 media_token=0 media_generation=0 media_command_age_ms=0 media_heartbeat_age_ms=6 media_full=0 media_stale=0 media_timeout=0 media_coalesced=0 media_accepting=1 media_lifecycle=0,1,0,1 log_queue=0 enqueued=114 processed=114 log_high=15 log_heartbeat_age_ms=1911 log_waiting=1 queue_dropped=0 mirror_dropped=0 mirror_failures=0 mirror=1 worker=1 mdns_phase=waiting mdns_mode=0 mdns_running=1 mdns_socket=1 mdns_heartbeat_age_ms=14 mdns_select=191 mdns_recv=4 mdns_sent=2
[INFO] [runtime-heartbeat] t_ms=23050080 frame=2878 view=home player_state=idle media=0 return_home_pending=0 protocol_state=ready owner=none generation=0 service_workers=0,0,0 service_age_ms=47656,47552,45852 media_queue=0 media_high=0 media_command=0 media_kind=0 media_producer=0 media_token=0 media_generation=0 media_command_age_ms=0 media_heartbeat_age_ms=5 media_full=0 media_stale=0 media_timeout=0 media_coalesced=0 media_accepting=1 media_lifecycle=0,1,0,1 log_queue=0 enqueued=115 processed=115 log_high=15 log_heartbeat_age_ms=1719 log_waiting=1 queue_dropped=0 mirror_dropped=0 mirror_failures=0 mirror=1 worker=1 mdns_phase=waiting mdns_mode=0 mdns_running=1 mdns_socket=1 mdns_heartbeat_age_ms=113 mdns_select=199 mdns_recv=4 mdns_sent=2
exiting ...
socket error 0x0 on poll
